Component: ARM Compiler 6.13.1 Tool: armlink [5d895400]

==============================================================================

Section Cross References

    dosya1.o(Bolum1) refers to dosya1.o(Bolum2) for Resetleme_fonksiyonu
    dosya1.o(Bolum1) refers to tim2_irqhandler.o(tim2_IRQHandler) for TIM2_IRQHandler
    dosya1.o(Bolum2) refers to dosya2.o(Bolum3) for _main


==============================================================================

Removing Unused input sections from the image.

    Removing dosya1.o(.text), (4 bytes).

1 unused section(s) (total 4 bytes) removed from the image.

==============================================================================

Image Symbol Table

    Local Symbols

    Symbol Name                              Value     Ov Type        Size  Object(Section)

    TIM2_IRQHandler.s                        0x00000000   Number         0  tim2_irqhandler.o ABSOLUTE
    dosya1.s                                 0x00000000   Number         0  dosya1.o ABSOLUTE
    dosya2.s                                 0x00000000   Number         0  dosya2.o ABSOLUTE
    Bolum1                                   0x08000000   Section      180  dosya1.o(Bolum1)
    Resetleme_fonksiyonu                     0x080000b5   Thumb Code     0  dosya1.o(Bolum2)
    Bolum2                                   0x080000b4   Section        4  dosya1.o(Bolum2)
    Bolum3                                   0x080000b8   Section      212  dosya2.o(Bolum3)
    tim2_IRQHandler                          0x0800018c   Section       28  tim2_irqhandler.o(tim2_IRQHandler)

    Global Symbols

    Symbol Name                              Value     Ov Type        Size  Object(Section)

    BuildAttributes$$THM_ISAv4$P$D$K$B$S$PE$A:L22UL41UL21$X:L11$S22US41US21$IEEE1$~IW$USESV6$~STKCKD$USESV7$~SHL$OSPACE$EBA8$STANDARDLIB$PRES8$EABIv2 0x00000000   Number         0  anon$$obj.o ABSOLUTE
    _main                                    0x080000b9   Thumb Code     0  dosya2.o(Bolum3)
    TIM2_IRQHandler                          0x0800018d   Thumb Code    22  tim2_irqhandler.o(tim2_IRQHandler)



==============================================================================

Memory Map of the image

  Image Entry point : 0x080000b5

  Load Region LR_IROM1 (Base: 0x08000000, Size: 0x000001a8, Max: 0x00010000, ABSOLUTE)

    Execution Region ER_IROM1 (Exec base: 0x08000000, Load base: 0x08000000, Size: 0x000001a8, Max: 0x00010000, ABSOLUTE)

    Exec Addr    Load Addr    Size         Type   Attr      Idx    E Section Name        Object

    0x08000000   0x08000000   0x000000b4   Data   RO            1    Bolum1              dosya1.o
    0x080000b4   0x080000b4   0x00000004   Code   RO            3  * Bolum2              dosya1.o
    0x080000b8   0x080000b8   0x000000d4   Code   RO           11    Bolum3              dosya2.o
    0x0800018c   0x0800018c   0x0000001c   Code   RO           14    tim2_IRQHandler     tim2_irqhandler.o


    Execution Region RW_IRAM1 (Exec base: 0x20000000, Load base: 0x080001a8, Size: 0x00000000, Max: 0x00005000, ABSOLUTE)

    **** No section assigned to this execution region ****


==============================================================================

Image component sizes


      Code (inc. data)   RO Data    RW Data    ZI Data      Debug   Object Name

         4          0        180          0          0        248   dosya1.o
       212         16          0          0          0        292   dosya2.o
        28          6          0          0          0        332   tim2_irqhandler.o

    ----------------------------------------------------------------------
       244         22        180          0          0        872   Object Totals
         0          0          0          0          0          0   (incl. Generated)
         0          0          0          0          0          0   (incl. Padding)

    ----------------------------------------------------------------------
         0          0          0          0          0          0   Library Totals
         0          0          0          0          0          0   (incl. Padding)

    ----------------------------------------------------------------------

==============================================================================


      Code (inc. data)   RO Data    RW Data    ZI Data      Debug   

       244         22        180          0          0        872   Grand Totals
       244         22        180          0          0        872   ELF Image Totals
       244         22        180          0          0          0   ROM Totals

==============================================================================

    Total RO  Size (Code + RO Data)                  424 (   0.41kB)
    Total RW  Size (RW Data + ZI Data)                 0 (   0.00kB)
    Total ROM Size (Code + RO Data + RW Data)        424 (   0.41kB)

==============================================================================

