Component: ARM Compiler 5.06 update 6 (build 750) Tool: armlink [4d35ed]

==============================================================================

Section Cross References

    dosya1.o(Bolum1) refers to dosya1.o(Bolum2) for Resetleme_fonksiyonu
    dosya1.o(Bolum2) refers to dosya2.o(Bolum3) for Ana_Program


==============================================================================

Image Symbol Table

    Local Symbols

    Symbol Name                              Value     Ov Type        Size  Object(Section)

    dosya1.s                                 0x00000000   Number         0  dosya1.o ABSOLUTE
    dosya2.s                                 0x00000000   Number         0  dosya2.o ABSOLUTE
    Bolum1                                   0x08000000   Section        8  dosya1.o(Bolum1)
    Bolum2                                   0x08000008   Section        4  dosya1.o(Bolum2)
    Resetleme_fonksiyonu                     0x08000009   Thumb Code     0  dosya1.o(Bolum2)
    Bolum3                                   0x0800000c   Section       60  dosya2.o(Bolum3)

    Global Symbols

    Symbol Name                              Value     Ov Type        Size  Object(Section)

    BuildAttributes$$THM_ISAv4$P$D$K$B$S$PE$A:L22UL41UL21$X:L11$S22US41US21$IEEE1$IW$USESV6$~STKCKD$USESV7$~SHL$OSPACE$EBA8$STANDARDLIB$PRES8$EABIv2 0x00000000   Number         0  anon$$obj.o ABSOLUTE
    Ana_Program                              0x0800000d   Thumb Code     0  dosya2.o(Bolum3)



==============================================================================

Memory Map of the image

  Image Entry point : 0x08000009

  Load Region LR_IROM1 (Base: 0x08000000, Size: 0x00000048, Max: 0x00010000, ABSOLUTE)

    Execution Region ER_IROM1 (Exec base: 0x08000000, Load base: 0x08000000, Size: 0x00000048, Max: 0x00010000, ABSOLUTE)

    Exec Addr    Load Addr    Size         Type   Attr      Idx    E Section Name        Object

    0x08000000   0x08000000   0x00000008   Data   RO            1    Bolum1              dosya1.o
    0x08000008   0x08000008   0x00000004   Code   RO            2  * Bolum2              dosya1.o
    0x0800000c   0x0800000c   0x0000003c   Code   RO            7    Bolum3              dosya2.o


    Execution Region RW_IRAM1 (Exec base: 0x20000000, Load base: 0x08000048, Size: 0x00000000, Max: 0x00005000, ABSOLUTE)

    **** No section assigned to this execution region ****


==============================================================================

Image component sizes


      Code (inc. data)   RO Data    RW Data    ZI Data      Debug   Object Name

         4          0          8          0          0        268   dosya1.o
        60         28          0          0          0        252   dosya2.o

    ----------------------------------------------------------------------
        64         28          8          0          0        520   Object Totals
         0          0          0          0          0          0   (incl. Generated)
         0          0          0          0          0          0   (incl. Padding)

    ----------------------------------------------------------------------
         0          0          0          0          0          0   Library Totals
         0          0          0          0          0          0   (incl. Padding)

    ----------------------------------------------------------------------

==============================================================================


      Code (inc. data)   RO Data    RW Data    ZI Data      Debug   

        64         28          8          0          0        520   Grand Totals
        64         28          8          0          0        520   ELF Image Totals
        64         28          8          0          0          0   ROM Totals

==============================================================================

    Total RO  Size (Code + RO Data)                   72 (   0.07kB)
    Total RW  Size (RW Data + ZI Data)                 0 (   0.00kB)
    Total ROM Size (Code + RO Data + RW Data)         72 (   0.07kB)

==============================================================================

