<html>
<body>
<pre>
<h1>µVision Build Log</h1>
<h2>Tool Versions:</h2>
IDE-Version: µVision V5.41.0.0
Copyright (C) 2024 ARM Ltd and ARM Germany GmbH. All rights reserved.
License Information: Saja Aboulmagd, Cairo university, LIC=----
 
Tool Versions:
Toolchain:       MDK-Lite  Version: 5.41.0.0
Toolchain Path:  C:\Users\hp\AppData\Local\Keil_v5\ARM\ARMCLANG\Bin
C Compiler:      ArmClang.exe V6.22
Assembler:       Armasm.exe V6.22
Linker/Locator:  ArmLink.exe V6.22
Library Manager: ArmAr.exe V6.22
Hex Converter:   FromElf.exe V6.22
CPU DLL:         SARMCM3.DLL V5.41.0.0
Dialog DLL:      DCM.DLL V1.17.5.0
Target DLL:      STLink\ST-LINKIII-KEIL_SWO.dll V3.3.0.0
Dialog DLL:      TCM.DLL V1.56.4.0
 
<h2>Project:</h2>
C:\Users\hp\Desktop\term 5\Micro\Project\test\test.uvprojx
Project File Date:  12/12/2024

<h2>Output:</h2>
*** Using Compiler 'V6.22', folder: 'C:\Users\hp\AppData\Local\Keil_v5\ARM\ARMCLANG\Bin'
Build target 'Target_1'
"test.s", line 75 (column 10): Warning: A1865W: '#' not seen before constant expression
   75 00000014  mov r10, RED
                        ^
"test.s", line 82 (column 10): Warning: A1865W: '#' not seen before constant expression
   82 0000002c  mov r10, WHITE
                        ^
"test.s", line 89 (column 10): Warning: A1865W: '#' not seen before constant expression
   89 00000044  mov r10, BLACK
                        ^
"test.s", line 96 (column 10): Warning: A1865W: '#' not seen before constant expression
   96 0000005c  mov r10, YELLOW
                        ^
"test.s", line 771: Warning: A1581W: Added 2 bytes of padding at address 0x36a
  771 0000036c  END
0 Errors, 5 Warnings
assembling test.s...
linking...
Program Size: Code=1372 RO-data=236 RW-data=0 ZI-data=1536  
".\Objects\test.axf" - 0 Error(s), 0 Warning(s).

<h2>Software Packages used:</h2>

Package Vendor: ARM
                https://www.keil.com/pack/ARM.CMSIS.6.1.0.pack
                ARM::CMSIS@6.1.0
                CMSIS (Common Microcontroller Software Interface Standard)
   * Component: CORE Version: 6.1.0

Package Vendor: Keil
                https://www.keil.com/pack/Keil.STM32F1xx_DFP.2.4.1.pack
                Keil::STM32F1xx_DFP@2.4.1
                STMicroelectronics STM32F1 Series Device Support, Drivers and Examples
   * Component: Startup Version: 1.0.0

<h2>Collection of Component include folders:</h2>
  ./RTE/Device/STM32F103C8
  ./RTE/_Target_1
  C:/Users/hp/AppData/Local/Arm/Packs/ARM/CMSIS/6.1.0/CMSIS/Core/Include
  C:/Users/hp/AppData/Local/Arm/Packs/Keil/STM32F1xx_DFP/2.4.1/Device/Include

<h2>Collection of Component Files used:</h2>

   * Component: ARM::CMSIS:CORE@6.1.0

   * Component: Keil::Device:Startup@1.0.0
      Source file:   Device/Source/ARM/startup_stm32f10x_md.s
      Source file:   Device/Source/ARM/STM32F1xx_OPT.s
      Include file:  RTE_Driver/Config/RTE_Device.h
      Source file:   Device/Source/system_stm32f10x.c
Build Time Elapsed:  00:00:00
</pre>
</body>
</html>
